Edges	Frequency
A---B	0.5
C---D	0.75
E---F	0.75
L---M	0.5
M---N	0.25
O---P	0.25
P---Q	0.25
A-->B	0.25
B-->A	0.25
