,test,test,test
AB,1,1,0
CD,1,1,0
EF,1,1,0
LM,0,1,1
MN,0,0,1
OP,0,0,1
PQ,0,0,1
