algorithm	x	y
test	-2.006650210482033	-0.9865875190637743
test	-1.5276508866841987	1.0799457247533237
test	3.534301097166232	-0.0933582056895495