,Unnamed: 0,test,test.1,test.2
0,AB,1,1,0
1,CD,1,1,0
2,EF,1,1,0
3,LM,0,1,1
4,MN,0,0,1
5,OP,0,0,1
6,PQ,0,0,1
